[0m18:20:29.151631 [debug] [MainThread]: Sending event: {'category': 'dbt', 'action': 'invocation', 'label': 'start', 'context': [<snowplow_tracker.self_describing_json.SelfDescribingJson object at 0x000001F489CA5190>, <snowplow_tracker.self_describing_json.SelfDescribingJson object at 0x000001F488FE69F0>, <snowplow_tracker.self_describing_json.SelfDescribingJson object at 0x000001F488FE6930>]}


============================== 18:20:29.158750 | ff820285-ce51-463b-b4e9-9489137e7340 ==============================
[0m18:20:29.158750 [info ] [MainThread]: Running with dbt=1.12.5
[0m18:20:29.159750 [debug] [MainThread]: running dbt with arguments {'version_check': 'True', 'no_print': 'None', 'static_parser': 'True', 'warn_error_options': 'WarnErrorOptionsV2(error=[], warn=[], silence=[])', 'maximum_seed_size_mib': '1', 'target_path': 'None', 'printer_width': '80', 'write_json': 'True', 'empty': 'None', 'log_cache_events': 'False', 'introspect': 'True', 'cache_selected_only': 'False', 'fail_fast': 'False', 'debug': 'False', 'log_format': 'default', 'partial_parse': 'True', 'send_anonymous_usage_stats': 'True', 'quiet': 'False', 'warn_error': 'None', 'profiles_dir': 'C:\\Users\\asusf\\.dbt', 'invocation_command': 'dbt init dbt_smart_retail', 'hints_enabled': 'True', 'use_colors': 'True', 'use_experimental_parser': 'False', 'indirect_selection': 'eager', 'log_path': 'logs'}
[0m18:20:29.171076 [info ] [MainThread]: Creating dbt configuration folder at C:\Users\asusf\.dbt
[0m18:20:29.173058 [info ] [MainThread]: A project called dbt_smart_retail already exists here.
[0m18:20:29.174057 [debug] [MainThread]: Command `dbt init` succeeded at 18:20:29.174057 after 0.22 seconds
[0m18:20:29.175512 [debug] [MainThread]: Sending event: {'category': 'dbt', 'action': 'invocation', 'label': 'end', 'context': [<snowplow_tracker.self_describing_json.SelfDescribingJson object at 0x000001F489BD5A30>, <snowplow_tracker.self_describing_json.SelfDescribingJson object at 0x000001F489BD78C0>, <snowplow_tracker.self_describing_json.SelfDescribingJson object at 0x000001F486880E00>]}
[0m18:20:29.175512 [debug] [MainThread]: Flushing usage events
[0m18:20:30.892620 [debug] [MainThread]: An error was encountered while trying to flush usage events
[0m18:21:49.404267 [debug] [MainThread]: Sending event: {'category': 'dbt', 'action': 'invocation', 'label': 'start', 'context': [<snowplow_tracker.self_describing_json.SelfDescribingJson object at 0x0000024DDCC514F0>, <snowplow_tracker.self_describing_json.SelfDescribingJson object at 0x0000024DDC7B1D60>, <snowplow_tracker.self_describing_json.SelfDescribingJson object at 0x0000024DDC7B2030>]}


============================== 18:21:49.407033 | 20817911-76ae-45b9-97e6-daef2dfc0b31 ==============================
[0m18:21:49.407033 [info ] [MainThread]: Running with dbt=1.12.5
[0m18:21:49.409043 [debug] [MainThread]: running dbt with arguments {'version_check': 'True', 'no_print': 'None', 'static_parser': 'True', 'warn_error_options': 'WarnErrorOptionsV2(error=[], warn=[], silence=[])', 'target_path': 'None', 'maximum_seed_size_mib': '1', 'printer_width': '80', 'write_json': 'True', 'introspect': 'True', 'log_cache_events': 'False', 'empty': 'None', 'cache_selected_only': 'False', 'log_format': 'default', 'debug': 'False', 'fail_fast': 'False', 'partial_parse': 'True', 'send_anonymous_usage_stats': 'True', 'quiet': 'False', 'warn_error': 'None', 'profiles_dir': 'C:\\Users\\asusf\\.dbt', 'use_colors': 'True', 'hints_enabled': 'True', 'invocation_command': 'dbt init', 'use_experimental_parser': 'False', 'indirect_selection': 'eager', 'log_path': 'logs'}
[0m18:21:57.509925 [info ] [MainThread]: A project called dbt_smart_retail already exists here.
[0m18:21:57.511941 [debug] [MainThread]: Command `dbt init` succeeded at 18:21:57.511941 after 8.22 seconds
[0m18:21:57.513941 [debug] [MainThread]: Sending event: {'category': 'dbt', 'action': 'invocation', 'label': 'end', 'context': [<snowplow_tracker.self_describing_json.SelfDescribingJson object at 0x0000024DDCC514F0>, <snowplow_tracker.self_describing_json.SelfDescribingJson object at 0x0000024DDA85CAA0>, <snowplow_tracker.self_describing_json.SelfDescribingJson object at 0x0000024DDC431BE0>]}
[0m18:21:57.514941 [debug] [MainThread]: Flushing usage events
[0m18:21:59.305767 [debug] [MainThread]: An error was encountered while trying to flush usage events
[0m18:23:19.780078 [debug] [MainThread]: Sending event: {'category': 'dbt', 'action': 'invocation', 'label': 'start', 'context': [<snowplow_tracker.self_describing_json.SelfDescribingJson object at 0x0000016FEA150770>, <snowplow_tracker.self_describing_json.SelfDescribingJson object at 0x0000016FE9EC40B0>, <snowplow_tracker.self_describing_json.SelfDescribingJson object at 0x0000016FE9EC7350>]}


============================== 18:23:19.783095 | a41beb1e-ab63-491a-911b-c72c93cd7bf6 ==============================
[0m18:23:19.783095 [info ] [MainThread]: Running with dbt=1.12.5
[0m18:23:19.784096 [debug] [MainThread]: running dbt with arguments {'version_check': 'True', 'no_print': 'None', 'maximum_seed_size_mib': '1', 'warn_error_options': 'WarnErrorOptionsV2(error=[], warn=[], silence=[])', 'target_path': 'None', 'static_parser': 'True', 'printer_width': '80', 'write_json': 'True', 'introspect': 'True', 'log_cache_events': 'False', 'empty': 'None', 'cache_selected_only': 'False', 'log_format': 'default', 'debug': 'False', 'fail_fast': 'False', 'partial_parse': 'True', 'send_anonymous_usage_stats': 'True', 'quiet': 'False', 'warn_error': 'None', 'profiles_dir': 'C:\\Users\\asusf\\.dbt', 'use_colors': 'True', 'hints_enabled': 'True', 'indirect_selection': 'eager', 'use_experimental_parser': 'False', 'invocation_command': 'dbt init retaillake_dbt', 'log_path': 'logs'}
[0m18:23:19.796101 [debug] [MainThread]: Starter project path: D:\smart-retail-data-platform\.venv\Lib\site-packages\dbt\include\starter_project
[0m18:23:19.805106 [info ] [MainThread]: Setting up your profile.
[0m18:27:42.402176 [info ] [MainThread]: Profile retaillake_dbt written to C:\Users\asusf\.dbt\profiles.yml using target's profile_template.yml and your supplied values.
[0m18:27:42.405173 [info ] [MainThread]: Running dbt debug to validate the project...
[0m18:27:42.407176 [info ] [MainThread]: dbt version: 1.12.5
[0m18:27:42.408305 [info ] [MainThread]: python version: 3.12.3
[0m18:27:42.409173 [info ] [MainThread]: python path: D:\smart-retail-data-platform\.venv\Scripts\python.exe
[0m18:27:42.410257 [info ] [MainThread]: os info: Windows-11-10.0.22631-SP0
[0m18:27:42.445042 [info ] [MainThread]: Using profiles dir at C:\Users\asusf\.dbt
[0m18:27:42.447023 [info ] [MainThread]: Using profiles.yml file at C:\Users\asusf\.dbt\profiles.yml
[0m18:27:42.448023 [info ] [MainThread]: Using dbt_project.yml file at D:\smart-retail-data-platform\retaillake_dbt\dbt_project.yml
[0m18:27:42.450045 [info ] [MainThread]: adapter type: postgres
[0m18:27:42.451043 [info ] [MainThread]: adapter version: 1.11.0
[0m18:27:42.591926 [info ] [MainThread]: Configuration:
[0m18:27:42.592925 [info ] [MainThread]:   profiles.yml file [[32mOK found and valid[0m]
[0m18:27:42.593925 [info ] [MainThread]:   dbt_project.yml file [[32mOK found and valid[0m]
[0m18:27:42.594999 [info ] [MainThread]: Required dependencies:
[0m18:27:42.596200 [debug] [MainThread]: Executing "git --help"
[0m18:27:42.634569 [debug] [MainThread]: STDOUT: "b"usage: git [-v | --version] [-h | --help] [-C <path>] [-c <name>=<value>]\n           [--exec-path[=<path>]] [--html-path] [--man-path] [--info-path]\n           [-p | --paginate | -P | --no-pager] [--no-replace-objects] [--no-lazy-fetch]\n           [--no-optional-locks] [--no-advice] [--bare] [--git-dir=<path>]\n           [--work-tree=<path>] [--namespace=<name>] [--config-env=<name>=<envvar>]\n           <command> [<args>]\n\nThese are common Git commands used in various situations:\n\nstart a working area (see also: git help tutorial)\n   clone      Clone a repository into a new directory\n   init       Create an empty Git repository or reinitialize an existing one\n\nwork on the current change (see also: git help everyday)\n   add        Add file contents to the index\n   mv         Move or rename a file, a directory, or a symlink\n   restore    Restore working tree files\n   rm         Remove files from the working tree and from the index\n\nexamine the history and state (see also: git help revisions)\n   bisect     Use binary search to find the commit that introduced a bug\n   diff       Show changes between commits, commit and working tree, etc\n   grep       Print lines matching a pattern\n   log        Show commit logs\n   show       Show various types of objects\n   status     Show the working tree status\n\ngrow, mark and tweak your common history\n   backfill   Download missing objects in a partial clone\n   branch     List, create, or delete branches\n   commit     Record changes to the repository\n   merge      Join two or more development histories together\n   rebase     Reapply commits on top of another base tip\n   reset      Reset current HEAD to the specified state\n   switch     Switch branches\n   tag        Create, list, delete or verify a tag object signed with GPG\n\ncollaborate (see also: git help workflows)\n   fetch      Download objects and refs from another repository\n   pull       Fetch from and integrate with another repository or a local branch\n   push       Update remote refs along with associated objects\n\n'git help -a' and 'git help -g' list available subcommands and some\nconcept guides. See 'git help <command>' or 'git help <concept>'\nto read about a specific subcommand or concept.\nSee 'git help git' for an overview of the system.\n""
[0m18:27:42.636572 [debug] [MainThread]: STDERR: "b''"
[0m18:27:42.636572 [info ] [MainThread]:  - git [[32mOK found[0m]

[0m18:27:42.637571 [info ] [MainThread]: Connection:
[0m18:27:42.639570 [info ] [MainThread]:   host: localhost
[0m18:27:42.640570 [info ] [MainThread]:   port: 5433
[0m18:27:42.641570 [info ] [MainThread]:   user: retaillake_user
[0m18:27:42.642571 [info ] [MainThread]:   database: retaillake
[0m18:27:42.643569 [info ] [MainThread]:   schema: analytics
[0m18:27:42.644577 [info ] [MainThread]:   connect_timeout: 10
[0m18:27:42.645570 [info ] [MainThread]:   role: None
[0m18:27:42.646572 [info ] [MainThread]:   search_path: None
[0m18:27:42.647571 [info ] [MainThread]:   keepalives_idle: 0
[0m18:27:42.648571 [info ] [MainThread]:   sslmode: None
[0m18:27:42.649575 [info ] [MainThread]:   sslcert: None
[0m18:27:42.650571 [info ] [MainThread]:   sslkey: None
[0m18:27:42.650571 [info ] [MainThread]:   sslrootcert: None
[0m18:27:42.651786 [info ] [MainThread]:   application_name: dbt
[0m18:27:42.656802 [info ] [MainThread]:   autocommit: False
[0m18:27:42.658801 [info ] [MainThread]:   retries: 1
[0m18:27:42.661258 [info ] [MainThread]: Registered adapter: postgres=1.11.0
[0m18:27:42.942308 [debug] [MainThread]: Acquiring new postgres connection 'debug'
[0m18:27:43.002507 [debug] [MainThread]: Using postgres connection "debug"
[0m18:27:43.003504 [debug] [MainThread]: On debug: select 1 as id
[0m18:27:43.004384 [debug] [MainThread]: Opening a new connection, currently in state init
[0m18:27:47.057757 [debug] [MainThread]: Postgres adapter: Got a retryable error when attempting to open a postgres connection.
1 attempts remaining. Retrying in 0 seconds.
Error:
connection to server at "localhost" (::1), port 5433 failed: Connection refused (0x0000274D/10061)
	Is the server running on that host and accepting TCP/IP connections?
connection to server at "localhost" (127.0.0.1), port 5433 failed: Connection refused (0x0000274D/10061)
	Is the server running on that host and accepting TCP/IP connections?

[0m18:27:51.142908 [debug] [MainThread]: Postgres adapter: Error running SQL: select 1 as id
[0m18:27:51.144079 [debug] [MainThread]: Postgres adapter: Rolling back transaction.
[0m18:27:51.144079 [debug] [MainThread]: On debug: No close available on handle
[0m18:27:51.145607 [info ] [MainThread]:   Connection test: [[31mERROR[0m]

[0m18:27:51.146617 [info ] [MainThread]: [31m1 check failed:[0m
[0m18:27:51.147617 [info ] [MainThread]: dbt was unable to connect to the specified database.
The database returned the following error:

  >Database Error
  connection to server at "localhost" (::1), port 5433 failed: Connection refused (0x0000274D/10061)
  	Is the server running on that host and accepting TCP/IP connections?
  connection to server at "localhost" (127.0.0.1), port 5433 failed: Connection refused (0x0000274D/10061)
  	Is the server running on that host and accepting TCP/IP connections?
  

Check your database credentials and try again. For more information, visit:
https://docs.getdbt.com/docs/configure-your-profile


[0m18:27:51.148617 [info ] [MainThread]: Your new dbt project "retaillake_dbt" was created!
Initialized new project in D:\smart-retail-data-platform\retaillake_dbt\retaillake_dbt

For more information on how to configure the profiles.yml file,
please consult the dbt documentation here:

  https://docs.getdbt.com/docs/configure-your-profile

One more thing:

Need help? Don't hesitate to reach out to us via GitHub issues or on Slack:

  https://community.getdbt.com/

Happy modeling!

[0m18:27:51.149617 [info ] [MainThread]: [31mYour profile may need adjustments. You can find the logs of `dbt debug` above[0m
[0m18:27:51.150617 [debug] [MainThread]: Command `dbt init` succeeded at 18:27:51.150617 after 271.49 seconds
[0m18:27:51.151616 [debug] [MainThread]: Connection 'debug' was properly closed.
[0m18:27:51.152616 [debug] [MainThread]: Sending event: {'category': 'dbt', 'action': 'invocation', 'label': 'end', 'context': [<snowplow_tracker.self_describing_json.SelfDescribingJson object at 0x0000016FEC086EA0>, <snowplow_tracker.self_describing_json.SelfDescribingJson object at 0x0000016FEC45D4C0>, <snowplow_tracker.self_describing_json.SelfDescribingJson object at 0x0000016FEA5AC9E0>]}
[0m18:27:51.153618 [debug] [MainThread]: Flushing usage events
[0m18:27:52.772018 [debug] [MainThread]: An error was encountered while trying to flush usage events
